Array BOOLEAN[]
Array INT[][]
Array INT[]
Array UNKNOWN[]